current_state: 12346
state_order:
  - 12345
  - 12346
states:
  '12345':
    name: old
    lambda_version: 4342434
    dev_built: true
    dev_tests_passed: true
    release_built: true
    release_tests_passed: true
    notes: working
  '12346':
    name: state
    lambda_version: version
    dev_built: false
    dev_tests_passed: false
    release_built: false
    release_tests_passed: false
