state_version_order:
  - .nan
states:
  NaN:
    name: state
    state_version: a
    dev_built: false
    dev_tests_passed: false
    release_built: false
    release_tests_passed: false
current_state_version: .nan
newest_state_version: .nan
