current_state_version: 12345
newest_state_version: 12346
state_version_order:
  - 12345
  - 12346
states:
  '12345':
    name: old
    state_version: 4342434
    dev_built: true
    dev_tests_passed: true
    release_built: true
    release_tests_passed: true
    notes: working
  '12346':
    name: state
    state_version: version
    dev_built: false
    dev_tests_passed: false
    release_built: false
    release_tests_passed: false
